3642c26e-9367-4445-8be5-008a8c190e9a
[1] skeptic 生成中…
[1] skeptic 完成
[2] optimizer 生成中…
[2] optimizer 完成
[3] devil 生成中…
[3] devil 完成
[4] skeptic 生成中…
[4] skeptic 完成
[5] optimizer 生成中…
[5] optimizer 完成
[6] devil 生成中…
[6] devil 完成
[7] skeptic 生成中…
[7] skeptic 完成
[8] optimizer 生成中…
[8] optimizer 完成
[9] devil 生成中…
[9] devil 完成
[10] skeptic 生成中…
[10] skeptic 完成
[11] optimizer 生成中…
[11] optimizer 完成
[12] devil 生成中…
[12] devil 完成
status=stopped termination=fixed_rounds converged=False conclusion=None turns=12

[1] skeptic:
作为质疑者，我的核心任务是：**追问“这个开篇方案是否真的让目标开发者在前5分钟内获得最高价值，还是只是自我感觉良好的技术展示？”**  

针对已有的讨论（我未看到具体内容，但基于“weave v0.4 组件库”和“5分钟上手”的普遍痛点），我提出以下尖锐质疑，请方案设计者逐一回应：

---

### 质疑一：关于“5分钟”的诚实性——你的开篇是否偷换了“上手”的定义？
**质疑点：**  
大多数组件库教程的“5分钟上手”实际是“5分钟跑通Demo”，但开发者真正需要的是“5分钟内理解核心心智模型并解决第一个真实问题”。  
**尖锐提问：**  
- 你的开篇是否在演示“Hello World”式的安装+渲染按钮？如果是，那么这5分钟结束后，开发者能独立完成什么？能写出一个带状态管理的表单吗？  
- 如果开篇只讲“快速安装 + 展示两个漂亮组件”，那么这和你官网的README有何区别？开发者为什么要花5分钟看你的教程，而不是直接读文档？  
- 请明确：这5分钟结束后，开发者是否已经知道“weave v0.4”与“其他组件库”的本质不同（例如：样式方案、状态注入、主题化机制）？如果不知道，那他们只是被演示了“又一个按钮库”。

---

### 质疑二：关于“目标用户”的精准性——你是在给新手写教程，还是给老手写“亮点预告”？
**质疑点：**  
“开发者”是一个模糊群体。一个刚接触React的新手，和一个已在公司项目里维护过3个组件库的老手，他们的“5分钟痛点”完全不同。  
**尖锐提问：**  
- 你的开篇是否假设了用户已经熟悉React、TypeScript、CSS-in-JS或构建工具？如果是，请标注“面向有经验的React开发者”，否则新手会在第1分钟就因术语而流失。  
- 如果面向老手，他们最反感的是“从零安装开始”的啰嗦。你的开篇是否直接切入“weave v0.4解决了你现有方案里的哪个具体痛点”（例如：样式冲突、主题切换性能、SSR兼容性）？  
- 请给出一个明确的“用户画像”和“完成这5分钟后他们能带走的一句话结论”。如果没有，你的开篇注定是“泛泛而谈”。

---

### 质疑三：关于“演示项目”的选择——你选的案例是否放大了weave的优势，还是暴露了它的短板？
**质疑点：**  
很多教程为了“好看”，会用一个精心设计的UI界面（如仪表盘、聊天应用），但这会掩盖组件库在真实业务中的复杂度（如表单校验、动态列表、异步数据渲染）。  
**尖锐提问：**  
- 你选的示例是否包含“表单交互”或“数据列表”？如果没有，开发者会误以为weave只适合静态展示，而不敢在核心业务中使用。  
- 你的示例里是否使用了weave的“高级特性”（如复合组件、Context API、Hooks）？如果只用基础组件，那和用Ant Design、MUI有何区别？  
- 如果示例过于复杂（比如包含Redux、路由、Mock数据），这5分钟里开发者可能光看代码就花了4分钟，根本没时间理解weave的API设计哲学。你如何平衡“展示能力”与“认知负担”？

---

### 质疑四：关于“情感预期”的错位——你的开篇是“教学”还是“营销”？
**质疑点：**  
5分钟不足以教会人，但足以让开发者产生“这库值得我深入学”的冲动。如果开篇过于强调“炫酷”而忽略“可学性”，开发者会认为“这库太黑科技，不适合我”。  
**尖锐提问：**  
- 你的开篇是否在刻意制造“哇，这组件居然能这样”的惊奇感？如果是，请警惕：这种惊喜在第二周就会变成“为什么我的业务场景里用不上这个特效”的失望。  
- 你是否在开篇中明确告知“weave v0.4的适用边界”（例如：不适合哪些场景）？如果没有，开发者会在后期因使用不当而弃用，并归咎于库本身。  
- 请提供证据：你是否有真实用户测试过这个开篇？他们看完后是立刻能动手写代码，还是只是“感觉学到了”但一打开IDE就懵了？

---

### 质疑五：关于“技术债务”的回避——你是否有意无意地隐藏了weave v0.4的“学习成本”？
**质疑点：**  
v0.4意味着非稳定版。你的开篇是否诚实地告诉开发者“这个版本可能需要频繁升级，且API可能变化”？  
**尖锐提问：**  
- 如果weave v0.4的API与v0.3不兼容，你的教程是否标注了“迁移指南”？如果没有，开发者照着教程写完，下周升级库后代码全红，这个锅谁背？  
- 你的开篇是否避开了weave的“高级概念”（如自定义渲染引擎、插件系统）？如果避开，开发者会误以为weave很简单，结果深入后发现自己掉进了一个复杂的抽象深渊。  
- 请明确：这5分钟教程是否承诺了“学完就能用”的假象？如果是，你需要在教程开头加一个醒目的“版本警告”和“已知限制”。

---

### 最终质问：如果我是你的目标用户，看完这5分钟，我会问你什么？
我会问：**“那么，我现在应该怎么用weave v0.4改造我现有的项目？我需要改多少代码？我的同事会骂我吗？”**  
如果你的开篇无法回答这个问题，那么无论演示多么流畅、代码多么优雅，它都只是一个**孤芳自赏的Demo秀**，而非**解决开发者焦虑的入门指南**。

---

请方案设计者正面回答以上质疑，而不是用“我们后续会补充”来搪塞。因为5分钟开篇是用户对weave的第一印象，也是决定他们是否愿意继续花50小时深入的关键。如果这5分钟没想清楚，后面的教程做得再精致也是徒劳。

[2] optimizer:
作为优化者，我完全认同skeptic的犀利质疑。这些质疑击中了所有技术教程的“第一性原理”：**用户的时间是沉没成本，教程的每一秒都必须兑换成用户的“决策能力”或“行动能力”。**  

基于此，我提出以下**结构性的改进方案**，旨在将开篇从“演示秀”重构为“问题解决契约”。该方案的核心是：**用“真实痛点共鸣”取代“功能罗列”，用“最小可迁移心智模型”取代“API走马观花”。**

---

### 改进方案：重构开篇的“黄金5分钟”叙事逻辑

#### 第一步（0:00-0:40）：不是打招呼，是“揭伤疤”
**操作：** 直接投屏一段“丑陋的、真实的”传统组件库使用代码（例如：为了解决一个弹窗的层级问题，被迫写了20行`z-index`覆盖；或者为了同步表单状态，写了3个`useEffect`）。  
**改进点：** 回应质疑一、二。**不假设用户是新手或老手**，而是假设“用户此刻正被某个组件库折磨”。用代码的“丑陋感”建立共情，让用户觉得“这说的是我”。  
**话术：** “如果你写React超过一年，你大概率写过这样的代码。今天，我们看看weave v0.4如何从根上消灭它。这不是又一个按钮库，而是一次状态与样式的架构重组。”

#### 第二步（0:40-2:30）：直击“唯一核心差异”而非“特性巡礼”
**操作：** 跳过安装（直接说“安装命令在文档里”），**直接展示weave v0.4与主流库的本质区别**。  
**建议切入点：** 不是展示组件多好看，而是展示**“样式即状态”**或**“复合组件状态自动派生”**。  
**具体演示：**  
- 左边：传统库写一个受控的`Tabs`，需要维护`activeKey`、`onChange`、手动传值。  
- 右边：weave v0.4写同样的功能，**组件内部自动感知子项状态**，代码量减少60%，且无任何`useState`。  
**改进点：** 直接回应质疑三、四。**拒绝花哨的仪表盘**，用最枯燥的`Tabs`或`Form.Item`作为案例，证明“在真实业务里，你写得更少，且不会错”。同时，**明确告知边界**：“weave不是动画库，它解决的是状态同步与样式隔离的痛点。如果你追求视觉特效，它不适合你。”

#### 第三步（2:30-4:30）：现场“改造”一段用户熟悉的烂代码
**操作：** 不写新代码，而是**拿第一步那张丑陋的“弹窗层级修复”代码**，现场用weave v0.4的`<Layer>`组件重构。  
**关键动作：** 让观众看到“删除20行`z-index`覆盖，替换为一行`<Layer>`”，并解释其背后的“上下文隔离”模型。  
**改进点：** 回应质疑五。**这不仅是Demo，更是“迁移预览”**。在重构过程中，**口播版本警告**：“注意，这是v0.4，API在1.0前可能微调，但核心心智模型——‘样式作用域即组件边界’——不会变。这也是你值得现在学习的原因。”

#### 第四步（4:30-5:00）：给出一句“带得走的话”和“立即行动路径”
**操作：** 屏幕定格在重构后的代码，打出三行字：  
1. **一句话结论**：“在weave里，你不需要管理组件的‘状态样式’，你只需要声明‘业务状态’。”  
2. **立即行动**：“打开你的项目，找到第一个用`useState`控制样式的地方，试着换成weave的`<Stateful>`容器。”  
3. **版本警告**（红字）：“v0.4为预览版，学习前请查看[迁移日志]。若用于核心业务，请锁定版本。”

---

### 针对skeptic质疑的逐条回应与改进逻辑

#### 回应质疑一（诚实性）：  
**改进后**：5分钟内不给“完整表单”演示，而是给“最小破局点”——**如何消灭一个`useEffect`**。这比“能写出表单”更聚焦。结束后的能力是：**“我知道在weave里，状态驱动样式是默认行为，而不是我手动同步。”**

#### 回应质疑二（用户精准性）：  
**改进后**：开篇默认用户是**“有React经验，但被状态与样式同步问题困扰的开发者”**。开场那句“你大概率写过这样的代码”直接筛选了受众。**新手会流失，但这正是我们想要的**——我们不需要无效流量，我们要的是能成为布道师的核心用户。

#### 回应质疑三（案例选择）：  
**改进后**：用`Tabs`和`弹窗层级`这两个**“看似简单但实际棘手”**的场景，证明weave不是玩具。它处理的是业务中最烦人的边缘问题。这比展示一个炫酷的仪表盘更能建立信任。

#### 回应质疑四（情感预期）：  
**改进后**：不制造“哇”，制造“松一口气”。话术是：“原来不用写那个`useEffect`了，真好。”**并明确告知边界**：“weave不适合需要深度自定义DOM结构的场景，因为它的抽象层级较高。”

#### 回应质疑五（技术债务）：  
**改进后**：把“版本警告”前置到第三步的重构演示中，**把“学习成本”转化为“投资理由”**。话术：“v0.4虽然年轻，但它的核心设计是面向未来的。你现在花5分钟理解‘状态驱动样式’，未来升级只是改API名，而不是改架构思路。”

---

### 最终建议给方案设计者：
请把skeptic的质问打印出来贴在工位上。**这5分钟不是“教程”，而是“转化漏斗”**。  
- **漏斗顶部**：用“烂代码”筛选出有痛点的人。  
- **漏斗中部**：用“核心差异”让用户产生“必须试试”的冲动。  
- **漏斗底部**：用“一句话结论+行动路径”让用户立刻离开视频去改代码。  

如果看完这5分钟，用户打开IDE后能说出：“我先把我那个弹窗的`z-index`删了试试”——那这个开篇就是成功的。否则，无论多流畅，都是自嗨。

[3] devil:
# weave v0.4 开发者教程开篇方案：风险分析与漏洞识别

## 一、方案核心逻辑回顾

本方案的核心叙事逻辑为：**"揭伤疤 → 展示核心差异 → 现场重构 → 行动号召"**，强调用真实痛点建立共鸣，用最小可迁移心智模型替代功能罗列，最终引导开发者立即行动。

---

## 二、风险与漏洞分析

### 风险 1：核心差异的"演示依赖性"——一旦演示失败，整个叙事链条崩塌

**漏洞描述：**  
方案将全部说服力押注在"传统代码 vs weave 代码"的对比演示上。如果现场演示出现任何技术问题（如组件未按预期工作、状态同步逻辑异常、样式渲染偏差），不仅无法建立信任，反而会强化"v0.4 不稳定"的负面印象。

**影响评估：**  
- 信任崩塌是**不可逆的**——开发者会立即关闭视频，且大概率不会回头。
- 演示失败会放大"v0.4 非稳定版"的顾虑，形成"连官方演示都翻车"的负面传播。

**缓解建议：**  
- **预录保底**：准备一段预录的完美演示作为后备方案，现场演示失败时无缝切换。
- **失败预案**：提前准备"如果这里出错，说明我们遇到了一个 bug，这恰恰是 v0.4 需要你参与反馈的理由"的话术，将失败转化为社区参与邀请。

---

### 风险 2：目标用户假设的"排他性"——可能过滤掉潜在的核心用户

**漏洞描述：**  
方案明确表示"新手会流失，但这正是我们想要的"，通过开场代码筛选用户。然而，**有痛点但经验不足的开发者**（如 1-2 年经验、尚未被"状态与样式同步"问题折磨到觉醒）可能同样需要 weave，但他们可能被开场代码吓退。

**影响评估：**  
- 这可能导致**过早过滤**——用户并非没有痛点，只是尚未意识到痛点的严重性。
- 被过滤的用户可能转向竞品（如 Tailwind + Headless UI），待他们成长后已形成技术惯性。

**缓解建议：**  
- 开场增加一句"如果你还没遇到这个问题，记住这个画面，你迟早会遇到的"，将筛选变为**播种**。
- 在视频描述栏标注"适合有 React 经验但受困于状态管理的开发者"，而非在开场就设置代码门槛。

---

### 风险 3："现场重构"的认知负荷——5分钟内的信息密度可能超出工作记忆容量

**漏洞描述：**  
方案要求"拿第一步那张丑陋的代码，现场用 weave 重构"，同时口播版本警告和心智模型解释。这在一个 2 分钟片段中叠加了**代码对比、API 使用、心智模型、版本信息**四层认知任务。

**影响评估：**  
- 认知过载会导致**"感觉学到了但无法复述"**——用户可能记住"weave 可以删掉 z-index"这个点，但完全没理解"上下文隔离"模型。
- 这恰恰是 skeptic 质疑的"只是感觉学到了"的风险，方案并未真正解决。

**缓解建议：**  
- **拆分重构步骤**：先展示重构前后的代码对比（15秒静默阅读），再用 30 秒解释核心机制，最后用 15 秒口播版本警告。
- **删除版本警告**：将版本信息移到视频结尾的文字卡片，避免打断核心叙事。

---

### 风险 4：情感预期"松一口气"的可持续性——缺乏对"学完后可能遇到的问题"的预期管理

**漏洞描述：**  
方案承诺"松一口气"的即时情感回报，但未提及用户在实际项目中可能遇到的**适配期阵痛**（如：现有组件库的迁移成本、团队协作中的知识传递成本、weave 与现有工具链的集成问题）。

**影响评估：**  
- 用户带着"解决问题"的预期离开，但在实际项目中遭遇首个障碍时，会产生**"教程故意隐藏难度"**的背叛感。
- 这种负面体验不仅导致该用户弃用，还可能通过口碑传播影响潜在用户。

**缓解建议：**  
- 在"立即行动"部分增加一句**"如果你在改造中遇到问题，我们的 GitHub Discussions 有专门的新手求助标签"**。
- 在视频结尾文字卡片中列出"已知限制"链接，让用户提前了解可能的坑。

---

### 风险 5：对"版本未来"的承诺——"核心心智模型不会变"是未经证实的断言

**漏洞描述：**  
方案话术"你现在花 5 分钟理解'状态驱动样式'，未来升级只是改 API 名，而不是改架构思路"——这是对 v0.4 到 v1.0 演进的**未经验证的承诺**。如果未来版本确实改变了核心心智模型（如从"状态驱动样式"转向"编译时样式提取"），此承诺将严重损害信誉。

**影响评估：**  
- 这属于**过度承诺**，一旦未兑现，将导致"weave 官方不可信"的长期声誉损害。
- 更严重的是，用户基于此承诺进行了技术选型，未来被迫迁移时会产生**职业风险**。

**缓解建议：**  
- 将话术改为**"我们目前的设计意图是……但 v0.4 仍处于探索期，我们欢迎你参与 RFC 讨论来影响最终方向"**——将用户从"学习者"转变为"共建者"。
- 在视频描述栏明确标注"v0.4 到 v1.0 可能包含破坏性变更，请关注迁移指南"。

---

### 风险 6：对"行动号召"的模糊性——"试着换成 Stateful 容器"可能因文档不足而失败

**漏洞描述：**  
方案建议用户"打开你的项目，找到第一个用 useState 控制样式的地方，试着换成 weave 的 `<Stateful>` 容器"。但 v0.4 的文档可能尚未覆盖此用例，或该组件的 API 与教程演示不完全一致。

**影响评估：**  
- 用户按照教程行动但失败，会产生**"教程是假的"**或**"weave 太难用"**的印象。
- 这直接破坏了"行动号召"的初衷——它本应是最低门槛的尝试，却可能成为最高的挫败点。

**缓解建议：**  
- 在视频描述栏提供**可直接复制的代码片段**，并附带一个指向"该用例的完整文档"的链接。
- 在教程中增加一句**"如果找不到 Stateful 容器，请检查你的 weave 版本是否为 0.4.0+，或查看文档中的迁移说明"**。

---

### 风险 7：对 skeptic 质疑的"表面回应"——并未真正解决"与 README 的区别"问题

**漏洞描述：**  
方案声称"拒绝花哨仪表盘，用 Tabs 和弹窗层级证明 weave 不是玩具"，但未明确说明**这 5 分钟与用户直接阅读 README 的体验差异**。如果 README 中同样有"状态驱动样式"的代码示例，用户为何要花 5 分钟看视频？

**影响评估：**  
- 若无法回答"为什么是视频而非文档"，方案的核心价值主张依然模糊。
- 用户可能看完视频后仍去读文档，导致视频成为"文档的冗长版"而非"文档的引导版"。

**缓解建议：**  
- 在开场明确说明**"这段视频的目的不是教你 API——API 在文档里。它的目的是让你在 5 分钟内明白 weave 解决什么问题、值不值得你花 2 小时读文档"**。
- 在结尾再次强调**"现在你已经知道 weave 的核心理念，下一步请带着问题去读文档，你会比直接读快 3 倍"**。

---

## 三、总结：核心风险矩阵

| 风险等级 | 风险描述 | 缓解策略优先级 |
|---------|---------|---------------|
| 🔴 高 | 演示失败导致信任崩塌 | 预录保底 + 失败转化话术 |
| 🔴 高 | 行动号召因文档不足而失败 | 提供可直接复制的代码片段 + 版本确认提示 |
| 🟠 中 | 认知过载导致"感觉学到但无法复述" | 拆分重构步骤 + 删除版本警告 |
| 🟠 中 | 对版本未来的过度承诺 | 话术调整 + 引导用户参与 RFC |
| 🟡 低 | 目标用户过滤过早 | 开场增加"播种"话术 |
| 🟡 低 | 未管理适配期阵痛预期 | 增加社区求助指引 + 已知限制链接 |
| 🟡 低 | 未明确"视频 vs 文档"的差异化价值 | 开场和结尾强化"视频是决策工具"定位 |

---

## 四、最终建议

本方案的核心逻辑是成立的——"用痛点共鸣驱动行动"确实优于"功能罗列"。但最大的风险在于**执行层面的脆弱性**：一旦演示不完美、行动号召遇阻、或承诺被证伪，整个叙事链条将断裂。建议方案设计者将上述风险缓解策略内化到脚本中，而非作为"补充说明"存在。**这 5 分钟不仅是一次教程，更是一次信任的建立——而信任的建立需要比演示更周密的设计。**

[4] skeptic:
# 对优化者改进方案的尖锐质疑

## 质疑一：你所谓的“真实痛点”是否只是你想象的痛点？——你的用户调研证据在哪里？

**质疑点：**  
你整个方案的基石是“开发者被z-index覆盖和useEffect同步状态折磨”。但这是你**从自身经验出发的假设**，还是经过验证的用户洞察？

**尖锐提问：**  
- 你访谈了多少位目标开发者？他们提到的第一大痛点真的是“状态与样式同步”吗？还是可能是“组件文档混乱”“类型定义不完整”“打包体积过大”？  
- 如果真实痛点排序与你的假设不符，你的开篇共鸣就会失效——开发者会觉得“这说的不是我”，然后关闭视频。  
- **请提供至少3条真实用户语录作为你痛点假设的证据。** 如果没有，你只是在“自我投射”，而非“用户共情”。


## 质疑二：你的“核心差异”演示是否建立在“稻草人对比”上？——你展示的传统代码是否公平？

**质疑点：**  
你计划左边用传统库写“受控Tabs需要维护activeKey、onChange、手动传值”，右边用weave“自动感知子项状态”。但**经验丰富的React开发者都知道，用Headless UI或自定义Hook也能实现类似简化**，并非weave独有。

**尖锐提问：**  
- 你对比的是“传统库的笨拙写法”还是“所有其他库的写法”？如果你只挑了最啰嗦的实现方式，那你是在**制造稻草人**，而非展示真实优势。  
- 如果开发者用React Context + 自定义Hook也能实现同样的简洁效果，你的“核心差异”还成立吗？  
- **请用主流库（如MUI、AntD、Chakra）的最佳实践写法作为对比基线**，而不是最差的写法。否则，你的演示是“欺骗性说服”，而非“诚实对比”。


## 质疑三：你让用户“改造第一个useState控制样式的地方”——但你是否知道这个改造的失败率有多高？

**质疑点：**  
你建议用户课后“找到第一个用useState控制样式的地方，换成weave的`<Stateful>`容器”。但**真实项目中的样式状态往往与业务逻辑深度耦合**，不是简单替换组件就能解决的。

**尖锐提问：**  
- 如果用户的useState同时控制着样式和业务数据（比如`const [isActive, setIsActive] = useState(false)`既决定颜色又决定按钮文字），你的`<Stateful>`容器能处理这种混合逻辑吗？  
- 如果用户替换后出现了样式闪烁或状态不同步，他们应该怎么排查？你的教程是否提供了**调试指南**？  
- **请提供一个真实场景中“可安全替换”的代码示例**，并明确标注“如果遇到XXX情况，请不要替换”。否则，你的行动号召是“让用户当小白鼠”。


## 质疑四：你声称“核心心智模型不会变”——你凭什么做出这个承诺？v0.4到v1.0的演进路径是什么？

**质疑点：**  
你建议话术改为“我们目前的设计意图是……但v0.4仍处于探索期”。但这句话本身就**暴露了不确定性**——既然不确定，你为何在教程中强调“值得现在学习”？这不是自相矛盾吗？

**尖锐提问：**  
- 如果weave v1.0真的改变了“状态驱动样式”的模型（比如转向编译时静态提取），你现在教用户的心智模型就变成了**沉没成本**。你如何对用户的“学习投资”负责？  
- 你是否有一个**公开的RFC流程**，让用户能参与决策并提前感知方向变化？如果没有，你的“共建者”号召只是空话。  
- **请明确回答：如果v1.0推翻了v0.4的核心模型，你会如何补偿在这5分钟教程中投入学习的用户？** 是提供迁移工具？还是社区支持？如果都没有，你就是在让用户为你的“探索”买单。


## 质疑五：你整个方案的核心假设是“5分钟能建立信任”——但信任是否真的能通过“看”来建立？而不是“用”？

**质疑点：**  
你声称“这5分钟是一次信任的建立”。但**信任来自实践中的成功体验**，而非观看演示。开发者看完视频后，如果第一次尝试就失败，他们对weave的信任会瞬间崩塌——甚至比从未看过教程更糟。

**尖锐提问：**  
- 你是否考虑过“5分钟教程”的**反噬效应**？如果用户照着做了但没成功，他们对weave的评价会比不看教程更负面，因为他们会认为“官方教程都教不会我，这库肯定不行”。  
- 与其让用户课后自己摸索，你是否应该**提供一个可运行的CodeSandbox示例**，让用户直接在上面修改，而不是让他们去改造自己的项目？  
- **请回答：你的教程是“终点”（看完就懂）还是“起点”（看完能动手）？** 如果是起点，你需要提供**陪跑资源**（如示例代码库、社区支持、Office Hours），而不是让用户独自冒险。


## 最终质问：如果我是你的目标用户，看完这5分钟，我会问什么？

我会问：**“你说weave能解决我的痛点——但你能保证我照着你的教程做，一定能成功吗？如果失败了，我能找谁？你的社区活跃吗？你的文档完善吗？还是说，我只是一只为你v0.4免费测试的小白鼠？”**

如果你的方案无法回答这些问题，那么你的“黄金5分钟”只是一场**精心设计的“信任预售”**——你给了用户一个承诺，却没有提供兑现承诺的保障。这不是教程，这是营销。而营销的代价是，当用户发现货不对板时，他们不仅会弃用weave，还会在社区里说：“别信那个教程，我试了，根本不行。”

[5] optimizer:
# weave v0.4 教程开篇方案：从"信任预售"到"信任闭环"的再优化

## 一、对现有讨论的批判性总结

skeptic、optimizer、devil的讨论已经勾勒出一个清晰的困境：
- **optimizer**提供了结构性的叙事框架（揭伤疤→核心差异→重构→行动号召），但缺乏实证基础。
- **devil**识别了执行层面的脆弱性（演示失败、认知过载、行动号召受挫），但主要停留在"风险提醒"层面。
- **skeptic**的最终质疑直指本质：**"你是在做教程，还是在做营销？"** ——如果用户看完后无法成功实践，所有精心设计的叙事都是"信任预售"而非"信任闭环"。

**核心矛盾：** 方案的叙事逻辑（痛点共鸣→方案展示→行动号召）是合理的，但它的**兑现机制**是缺失的。用户看完后"想试试"不等于"能成功"，而"尝试失败"的后果比"从不尝试"更糟糕。

**我的核心论点：** 这5分钟教程不应以"让用户立即动手改造自己的项目"为终点，而应以"让用户在一个受控环境中验证weave的核心承诺"为终点。**从"行动号召"转向"验证邀请"**——把用户从"冒险者"变成"实验者"。


## 二、具体改进方案：将"行动号召"重构为"验证邀请"

### 核心设计原则

1. **降低首次尝试的失败成本**：让用户在受控环境（CodeSandbox）中完成首次体验，而非直接改造自己的项目。
2. **建立"最小验证闭环"**：用户能在3-5分钟内亲眼看到"weave确实解决了那个痛点"，而不只是"听到"这个承诺。
3. **提供"失败时的安全网"**：如果用户尝试失败，有清晰的求助路径，而非独自困惑。

### 具体设计

#### 替换"行动号召"（原第四步）为"验证邀请"

**原方案：** "打开你的项目，找到第一个用useState控制样式的地方，试着换成weave的`<Stateful>`容器。"

**新方案：** "打开描述栏里的CodeSandbox链接，里面我已经准备了一个'弹窗层级修复'的完整示例。你不需要装任何东西，直接点击'预览'，然后删掉代码里的`<Layer>`组件——看，弹窗又错位了。再撤销删除——看，恢复了。这就是weave解决的第一个问题。如果你觉得这个体验OK，描述栏里有下一步的迁移指南。"

**为什么这更好：**
- **零门槛验证**：用户不需要安装、不需要配置、不需要改造自己的项目——只需点击链接、删一行代码、撤销删除。
- **直观体验"核心差异"**：用户通过"删掉就坏、加回来就好"的操作，亲身验证了weave的"上下文隔离"模型，而非只听演示者说。
- **把"信任"建立在"体验"上**：用户不是相信weave的承诺，而是相信自己的操作结果。
- **失败风险极低**：CodeSandbox是预设环境，不会出现用户项目中的复杂耦合问题。

#### 在视频结尾增加"下一步选择路径"

**内容：**
- **路径A（低风险验证）**：打开CodeSandbox示例，体验"删掉就坏、加回来就好"的对比。
- **路径B（中等风险验证）**：打开"迁移指南"文档，找到与你项目场景匹配的迁移示例。
- **路径C（社区支持）**：加入GitHub Discussions，在"新手求助"标签下提问。

**为什么这更好：**
- 明确告知用户"从哪开始"，避免"看完不知道下一步干什么"的迷茫。
- 提供分级路径，用户可根据自己的时间、风险承受度选择。
- 把"行动"的自主权交还给用户，而非教程强制要求。

#### 在视频描述栏提供完整的"验证包"

**内容：**
- CodeSandbox链接（包含弹窗层级修复的完整示例）
- 可直接复制的代码片段（用于用户自己项目的安全尝试）
- 已知限制列表（明确标注"这个场景weave不适合"）
- 社区求助链接（GitHub Discussions新手标签）

**为什么这更好：**
- 用户看完视频后，所有需要的资源都在描述栏里，无需搜索。
- 降低"想试但找不到资源"的流失率。
- 提前告知限制，避免用户在不适合的场景中尝试并失败。


## 三、针对skeptic核心质疑的回应

### 回应"你是在做教程，还是在做营销？"

**我的回答：** 这5分钟既不是教程，也不是营销，而是**"验证邀请"**。

- **教程**是"教你学会"，但这5分钟不足以让任何人"学会"weave。
- **营销**是"让你想买"，但这5分钟不足以让人"信任"weave。
- **验证邀请**是"让你体验"，这5分钟足以让人"感受到"weave的核心价值。

**关键差异：** 营销的承诺是"你买了会好"，验证邀请的承诺是"你试了会知道"。前者需要用户承担风险，后者让用户在零风险中亲自验证。

### 回应"如果用户照着做了但没成功，怎么办？"

**我的回答：** 这就是为什么我把"改造自己的项目"改为"体验CodeSandbox示例"。

- 在CodeSandbox中，用户**不可能失败**——环境已经预设好，只需删一行代码、撤销删除。
- 如果用户连这个都失败（比如网络问题），那也不是weave的问题，而是技术环境的问题。
- 真正可能失败的环节（改造自己的项目），我将其移到"路径B"，并提供了完整的迁移指南作为支持。

### 回应"你能保证用户照着教程做，一定能成功吗？"

**我的回答：** 我**不要求**用户"照着教程做"——我要求用户"体验一个演示"。这两者有本质区别：
- "照着教程做"意味着用户要自己动手，有失败风险。
- "体验一个演示"意味着用户只需点击、观察、撤销，没有失败风险。

**对于真正想动手的用户，我提供了分级路径：**
- 低风险：体验CodeSandbox。
- 中等风险：阅读迁移指南。
- 高风险：加入社区求助。

**每个路径都有对应的支持资源。** 如果用户在"中等风险"路径中失败，他们可以在"社区求助"中获得帮助——而不是独自困惑。


## 四、对skeptic其他质疑的正面回应

### 质疑一："你的痛点假设有用户调研证据吗？"

**回应：** 没有。但我的方案**不需要**假设痛点。

原方案依赖"揭伤疤"来建立共鸣，但我的方案**跳过了共鸣环节**——因为CodeSandbox演示本身就展示了痛点（弹窗层级错位），用户通过操作直接看到问题，而非通过话术被说服。

**如果用户没有这个痛点，他们会觉得"这个演示和我无关"然后关闭视频。** 但至少他们没有浪费时间——他们只是看了一个与自己无关的演示，而非被一段精心设计的"伤疤话术"说服后，发现自己并不需要。

**我的方案更诚实：** 它不试图说服用户"你有这个痛点"，而是展示"如果你有这个问题，weave能解决它"。**用户自己判断自己是否有这个问题。**

### 质疑二："你的对比是稻草人吗？"

**回应：** 我的方案**不做对比**。

原方案展示"传统代码vs weave代码"的对比，这确实可能被质疑为稻草人。但我的方案**只展示weave**——通过CodeSandbox演示，用户看到的是"weave如何解决弹窗层级问题"，而非"weave比传统方式好多少"。

**如果用户认为"我用Context也能实现同样的效果"，他们可以继续用Context。** 我的方案不强迫用户接受"weave更好"的结论——它只展示"weave能解决这个问题"，由用户自行评估是否值得迁移。

### 质疑三："用户的useState可能同时控制样式和业务逻辑，你的`<Stateful>`能处理吗？"

**回应：** 这正是我**不要求用户改造自己项目**的原因。

如果用户的useState同时控制样式和业务逻辑，那说明他们的代码已经存在"关注点混杂"的问题——这不是weave能解决的，也不是这个教程能解决的。

**我的方案只展示一个明确场景：** 弹窗层级修复。在这个场景中，weave的`<Layer>`组件是专门为此设计的，不存在混合逻辑问题。

**对于更复杂的场景，我的方案提供了"路径B"（迁移指南），让用户自行评估哪些场景适合迁移、哪些不适合。** 我不承诺"weave能解决所有问题"——我只展示"weave能解决这个问题"。

### 质疑四："v0.4到v1.0的演进路径是什么？"

**回应：** 我不知道。但我的方案**不需要做这个承诺**。

原方案说"核心心智模型不会变"，这确实是过度承诺。但我的方案**不承诺任何未来方向**——它只展示"在v0.4中，weave解决了弹窗层级问题"。

**如果v1.0改变了核心模型，用户在v0.4中学到的具体操作（如何用`<Layer>`组件）可能会过时，但他们体验到的"问题解决"的感受不会过时——因为那是真实发生的。** 即使API变了，用户至少知道"weave能解决这类问题"，这比"weave声称能解决这类问题"更有价值。

### 质疑五："信任来自实践而非观看，你的方案如何应对？"

**回应：** 我的方案**把"实践"纳入教程本身**。

原方案让用户课后自己实践，但我的方案让用户**在教程中实践**——通过CodeSandbox，用户在观看视频的同时就能动手操作。

**这不是"看完后再实践"，而是"边看边实践"。** 用户不是看完视频后去尝试，而是在视频的最后两分钟，直接点击描述栏的链接，边看边操作。

**当用户亲手删掉`<Layer>`组件、看到弹窗错位、再撤销删除、看到弹窗恢复时，他们已经完成了"实践"——而且成功了。** 这种"亲手验证"比任何话术都更有说服力。


## 五、总结：从"信任预售"到"信任闭环"

skeptic的最终质问揭示了原方案的根本缺陷：**它是一场精心设计的"信任预售"——给了用户一个承诺，却没有提供兑现承诺的保障。**

我的方案将"信任预售"重构为"信任闭环"：
- **验证邀请**（而非行动号召）——让用户在零风险中亲自验证weave的核心承诺。
- **分级路径**（而非单一行动）——让用户根据自己的风险承受度选择下一步。
- **完整资源包**（而非仅视频内容）——让用户的所有需求在描述栏中得到满足。

**这5分钟不是"教程"，不是"营销"，而是"验证邀请"——邀请用户在零风险中亲自验证weave的价值。如果验证成功，他们会主动深入学习；如果验证失败，他们也只是浪费了2分钟点击一个链接，而非浪费了2小时改造自己的项目。**

**信任不是"看"出来的，也不是"听"出来的，而是"试"出来的。我的方案让用户在5分钟内"试"出对weave的信任——或者"试"出"这不适合我"的结论。无论哪种结果，用户都获得了真实的信息，而非被话术说服。**

[6] devil:
# weave v0.4 教程开篇方案：风险分析与漏洞识别

## 一、方案核心逻辑回顾

本方案的核心叙事逻辑为：**"揭伤疤 → 展示核心差异 → 现场重构 → 行动号召"**，强调用真实痛点建立共鸣，用最小可迁移心智模型替代功能罗列，最终引导开发者立即行动。

---

## 二、风险与漏洞分析

### 风险 1：核心差异的"演示依赖性"——一旦演示失败，整个叙事链条崩塌

**漏洞描述：**  
方案将全部说服力押注在"传统代码 vs weave 代码"的对比演示上。如果现场演示出现任何技术问题（如组件未按预期工作、状态同步逻辑异常、样式渲染偏差），不仅无法建立信任，反而会强化"v0.4 不稳定"的负面印象。

**影响评估：**  
- 信任崩塌是**不可逆的**——开发者会立即关闭视频，且大概率不会回头。
- 演示失败会放大"v0.4 非稳定版"的顾虑，形成"连官方演示都翻车"的负面传播。

**缓解建议：**  
- **预录保底**：准备一段预录的完美演示作为后备方案，现场演示失败时无缝切换。
- **失败预案**：提前准备"如果这里出错，说明我们遇到了一个 bug，这恰恰是 v0.4 需要你参与反馈的理由"的话术，将失败转化为社区参与邀请。

---

### 风险 2：目标用户假设的"排他性"——可能过滤掉潜在的核心用户

**漏洞描述：**  
方案明确表示"新手会流失，但这正是我们想要的"，通过开场代码筛选用户。然而，**有痛点但经验不足的开发者**（如 1-2 年经验、尚未被"状态与样式同步"问题折磨到觉醒）可能同样需要 weave，但他们可能被开场代码吓退。

**影响评估：**  
- 这可能导致**过早过滤**——用户并非没有痛点，只是尚未意识到痛点的严重性。
- 被过滤的用户可能转向竞品（如 Tailwind + Headless UI），待他们成长后已形成技术惯性。

**缓解建议：**  
- 开场增加一句"如果你还没遇到这个问题，记住这个画面，你迟早会遇到的"，将筛选变为**播种**。
- 在视频描述栏标注"适合有 React 经验但受困于状态管理的开发者"，而非在开场就设置代码门槛。

---

### 风险 3："现场重构"的认知负荷——5分钟内的信息密度可能超出工作记忆容量

**漏洞描述：**  
方案要求"拿第一步那张丑陋的代码，现场用 weave 重构"，同时口播版本警告和心智模型解释。这在一个 2 分钟片段中叠加了**代码对比、API 使用、心智模型、版本信息**四层认知任务。

**影响评估：**  
- 认知过载会导致**"感觉学到了但无法复述"**——用户可能记住"weave 可以删掉 z-index"这个点，但完全没理解"上下文隔离"模型。
- 这恰恰是 skeptic 质疑的"只是感觉学到了"的风险，方案并未真正解决。

**缓解建议：**  
- **拆分重构步骤**：先展示重构前后的代码对比（15秒静默阅读），再用 30 秒解释核心机制，最后用 15 秒口播版本警告。
- **删除版本警告**：将版本信息移到视频结尾的文字卡片，避免打断核心叙事。

---

### 风险 4：情感预期"松一口气"的可持续性——缺乏对"学完后可能遇到的问题"的预期管理

**漏洞描述：**  
方案承诺"松一口气"的即时情感回报，但未提及用户在实际项目中可能遇到的**适配期阵痛**（如：现有组件库的迁移成本、团队协作中的知识传递成本、weave 与现有工具链的集成问题）。

**影响评估：**  
- 用户带着"解决问题"的预期离开，但在实际项目中遭遇首个障碍时，会产生**"教程故意隐藏难度"**的背叛感。
- 这种负面体验不仅导致该用户弃用，还可能通过口碑传播影响潜在用户。

**缓解建议：**  
- 在"立即行动"部分增加一句**"如果你在改造中遇到问题，我们的 GitHub Discussions 有专门的新手求助标签"**。
- 在视频结尾文字卡片中列出"已知限制"链接，让用户提前了解可能的坑。

---

### 风险 5：对"版本未来"的承诺——"核心心智模型不会变"是未经证实的断言

**漏洞描述：**  
方案话术"你现在花 5 分钟理解'状态驱动样式'，未来升级只是改 API 名，而不是改架构思路"——这是对 v0.4 到 v1.0 演进的**未经验证的承诺**。如果未来版本确实改变了核心心智模型（如从"状态驱动样式"转向"编译时样式提取"），此承诺将严重损害信誉。

**影响评估：**  
- 这属于**过度承诺**，一旦未兑现，将导致"weave 官方不可信"的长期声誉损害。
- 更严重的是，用户基于此承诺进行了技术选型，未来被迫迁移时会产生**职业风险**。

**缓解建议：**  
- 将话术改为**"我们目前的设计意图是……但 v0.4 仍处于探索期，我们欢迎你参与 RFC 讨论来影响最终方向"**——将用户从"学习者"转变为"共建者"。
- 在视频描述栏明确标注"v0.4 到 v1.0 可能包含破坏性变更，请关注迁移指南"。

---

### 风险 6：对"行动号召"的模糊性——"试着换成 Stateful 容器"可能因文档不足而失败

**漏洞描述：**  
方案建议用户"打开你的项目，找到第一个用 useState 控制样式的地方，试着换成 weave 的 `<Stateful>` 容器"。但 v0.4 的文档可能尚未覆盖此用例，或该组件的 API 与教程演示不完全一致。

**影响评估：**  
- 用户按照教程行动但失败，会产生**"教程是假的"**或**"weave 太难用"**的印象。
- 这直接破坏了"行动号召"的初衷——它本应是最低门槛的尝试，却可能成为最高的挫败点。

**缓解建议：**  
- 在视频描述栏提供**可直接复制的代码片段**，并附带一个指向"该用例的完整文档"的链接。
- 在教程中增加一句**"如果找不到 Stateful 容器，请检查你的 weave 版本是否为 0.4.0+，或查看文档中的迁移说明"**。

---

### 风险 7：对 skeptic 质疑的"表面回应"——并未真正解决"与 README 的区别"问题

**漏洞描述：**  
方案声称"拒绝花哨仪表盘，用 Tabs 和弹窗层级证明 weave 不是玩具"，但未明确说明**这 5 分钟与用户直接阅读 README 的体验差异**。如果 README 中同样有"状态驱动样式"的代码示例，用户为何要花 5 分钟看视频？

**影响评估：**  
- 若无法回答"为什么是视频而非文档"，方案的核心价值主张依然模糊。
- 用户可能看完视频后仍去读文档，导致视频成为"文档的冗长版"而非"文档的引导版"。

**缓解建议：**  
- 在开场明确说明**"这段视频的目的不是教你 API——API 在文档里。它的目的是让你在 5 分钟内明白 weave 解决什么问题、值不值得你花 2 小时读文档"**。
- 在结尾再次强调**"现在你已经知道 weave 的核心理念，下一步请带着问题去读文档，你会比直接读快 3 倍"**。

---

## 三、总结：核心风险矩阵

| 风险等级 | 风险描述 | 缓解策略优先级 |
|---------|---------|---------------|
| 🔴 高 | 演示失败导致信任崩塌 | 预录保底 + 失败转化话术 |
| 🔴 高 | 行动号召因文档不足而失败 | 提供可直接复制的代码片段 + 版本确认提示 |
| 🟠 中 | 认知过载导致"感觉学到但无法复述" | 拆分重构步骤 + 删除版本警告 |
| 🟠 中 | 对版本未来的过度承诺 | 话术调整 + 引导用户参与 RFC |
| 🟡 低 | 目标用户过滤过早 | 开场增加"播种"话术 |
| 🟡 低 | 未管理适配期阵痛预期 | 增加社区求助指引 + 已知限制链接 |
| 🟡 低 | 未明确"视频 vs 文档"的差异化价值 | 开场和结尾强化"视频是决策工具"定位 |

---

## 四、最终建议

本方案的核心逻辑是成立的——"用痛点共鸣驱动行动"确实优于"功能罗列"。但最大的风险在于**执行层面的脆弱性**：一旦演示不完美、行动号召遇阻、或承诺被证伪，整个叙事链条将断裂。建议方案设计者将上述风险缓解策略内化到脚本中，而非作为"补充说明"存在。**这 5 分钟不仅是一次教程，更是一次信任的建立——而信任的建立需要比演示更周密的设计。**

[7] skeptic:
# 对weave v0.4教程开篇方案的最终质疑

## 核心追问：这5分钟是否真正服务于“开发者的下一步行动”，而非“方案设计者的自我证明”？

---

### 质疑一：在经历了四轮讨论后，你的方案是否已经陷入“过度设计”？——5分钟的内容能否承载你赋予它的所有使命？

**质疑点：**  
从最初的“揭伤疤→展示差异→重构→行动号召”，到后来的“验证邀请→分级路径→完整资源包”，方案设计者在不断叠加功能。但**5分钟的视频不是文档，不是CodeSandbox，不是社区入口**——它只是一个线性播放的媒体。你试图让它同时完成“共鸣建立”“差异展示”“验证体验”“路径引导”“版本警告”等至少5项任务，这在认知心理学上是不可能的。

**尖锐提问：**  
- 你最终版本的脚本，**逐字稿多少字？** 如果超过750字（正常语速5分钟约750-800字），你必然在超速念稿，而非在“对话”。  
- 你设计的CodeSandbox“边看边操作”，**是否考虑了用户需要暂停视频、切换窗口、阅读描述栏的操作成本？** 这5分钟是“连续观看体验”还是“断断续续的操作教程”？  
- 如果用户没有暂停视频去操作CodeSandbox，而是选择先看完——那么你的“验证邀请”就变成了“又一个演示”，和最初被质疑的“演示秀”有何区别？  
- **请回答：这5分钟视频的“最小成功标准”是什么？** 是“用户看完后点击了CodeSandbox链接”？还是“用户看完后记住了‘状态驱动样式’这个短语”？还是“用户看完后觉得weave值得关注”？——这三个标准对应完全不同的内容设计，你的方案到底选哪个？

---

### 质疑二：你的“验证邀请”是否只是另一种形式的“行动号召”？——你把风险从“改造自己项目”转移到了“体验一个与你无关的Demo”

**质疑点：**  
你批评原方案的“行动号召”是“让用户当小白鼠”，然后提出用“CodeSandbox验证”替代。但**用户在CodeSandbox中删除一行代码、看到弹窗错位、再撤销删除——这个操作验证了什么？** 它验证了“weave的`<Layer>`组件能解决弹窗层级问题”——但这与用户自己的项目有什么关系？

**尖锐提问：**  
- 如果用户的项目根本没有弹窗层级问题（比如他们用的是原生`dialog`标签，或已经用`createPortal`解决了），你的“验证邀请”对他们有什么价值？他们只会觉得“这Demo和我无关”。  
- 你的CodeSandbox示例是**你设计的场景**，不是用户自己的场景。用户在一个“你预设好答案”的环境中“验证”成功，这能证明weave能解决**他们**的问题吗？  
- **真正的验证应该发生在用户自己的代码库中。** 但你又担心用户在真实项目中失败。那你的方案本质上是：**因为真实验证可能失败，所以用一个假验证来代替？** 这不是“信任闭环”，这是“回避风险”。  
- **请回答：你是否愿意在视频中展示一个“用户真实项目改造”的案例？** 如果不是，你的“验证邀请”只是“看起来更安全”的“行动号召”，本质上没有区别。

---

### 质疑三：关于“分级路径”——你是否在把“决策责任”推给用户，而逃避了教程设计者的“引导责任”？

**质疑点：**  
你的方案提供“路径A（体验CodeSandbox）/路径B（读迁移指南）/路径C（加入社区）”，声称“把行动自主权交还给用户”。但**一个刚看完5分钟视频的用户，真的有足够信息做出正确选择吗？** 他们知道自己是该走A、B还是C吗？你给他们三条路，等于没给路。

**尖锐提问：**  
- 你凭什么认为用户能判断自己属于“低风险”还是“中等风险”？一个刚接触weave的开发者，**能准确评估自己项目的耦合程度吗？** 大概率不能——他们可能选了路径B，结果发现迁移指南里全是自己不懂的术语，然后放弃。  
- **作为教程设计者，你的责任是“替用户做初筛”，而非“让用户自己选”。** 你应该明确说：“如果你遇到XXX情况，走路径A；如果遇到YYY情况，走路径B。”——但你的方案里没有这种决策树。  
- **请回答：如果用户走完路径A（体验CodeSandbox）后，仍然不敢改造自己的项目，你的教程成功了吗？** 如果没成功，那你只是让用户“玩了一个Demo”，并未真正帮助他们“上手weave”。

---

### 质疑四：关于“信任闭环”——你是否混淆了“体验的信任”与“迁移的信任”？

**质疑点：**  
你声称“信任来自实践”，所以设计CodeSandbox让用户亲手验证。但**用户验证的是“weave能解决弹窗问题”，而不是“我能把weave集成到我的项目里并解决我的问题”**。前者是“产品体验的信任”，后者是“迁移实践的信任”——这两者之间有一条巨大的鸿沟。

**尖锐提问：**  
- 一个用户可能在CodeSandbox里玩得很开心，但回到自己项目后，面对“如何安装weave”“如何与现有样式系统共存”“如何处理SSR”“如何说服同事使用”等现实问题时，依然束手无策。**你的“信任闭环”在CodeSandbox里闭合了，但在用户的真实项目中是敞开的。**  
- **真正的“信任闭环”应该结束在用户自己的项目里**——哪怕只是一个极小的改动（比如把一个弹窗的`z-index`覆盖替换为`<Layer>`），用户亲眼看到自己项目中的问题被weave解决。但这需要教程提供“改造指南”和“安全网”，而不是“体验Demo”。  
- **请回答：你的教程是否包含“如何在真实项目中最小化尝试weave”的指导？** 如果没有，你的“验证邀请”只是“信任的预演”，不是“信任的闭环”。

---

### 质疑五：关于讨论的终点——你是否在“优化方案”的名义下，逐渐偏离了“5分钟开篇”的定位？

**质疑点：**  
回顾四轮讨论：最初是“设计一个5分钟开篇”，后来变成了“重构开篇叙事”，再变成了“设计验证体验”，现在变成了“提供分级路径和完整资源包”。**你的方案越来越完善，但越来越不像一个“5分钟视频”能承载的内容。** 你实际上在设计一个“教程体系”，而“5分钟开篇”只是这个体系的一个入口。

**尖锐提问：**  
- 你是否意识到，**你设计的“CodeSandbox验证”“分级路径”“资源包”都是视频之外的东西？** 用户看完视频后需要离开播放器，去点击链接、阅读文档、加入社区——这些都不是“5分钟开篇”的一部分。  
- **一个真正的“5分钟开篇”应该能在视频本身中完成它的使命**——让用户看完后，要么“决定深入学习”，要么“决定不学”。但你的方案把“决定深入学习”拆解成了“看完视频→点击链接→体验Demo→阅读指南→加入社区”的多个步骤，**每一步都可能流失用户**。  
- **请回答：如果用户只看视频，不看描述栏、不点链接、不玩CodeSandbox，你的5分钟内容能给他们什么价值？** 如果答案是“不能”，那你设计的不是“5分钟开篇”，而是“5分钟引流广告”——你又回到了最初被质疑的“营销”定位。

---

## 最终质问：请用一句话回答——这5分钟视频，到底要让用户带走什么？

如果答案是“带走一个CodeSandbox链接”，那你的教程不是教程，是广告。  
如果答案是“带走一个‘状态驱动样式’的概念”，那你的教程不是教程，是宣讲。  
如果答案是“带走一个‘weave能解决弹窗问题’的印象”，那你的教程不是教程，是演示。  

**真正的教程，应该让用户带走“一个能指导他们下一步行动的心智模型”**——比如：“在weave中，样式问题不是用CSS覆盖解决的，而是用组件边界隔离的。我现在知道该去文档里查什么了。”  

**请回答：你的5分钟内容，能否在用户不离开播放器的情况下，让他们说出这句话？** 如果不能，那么无论你的CodeSandbox多巧妙、路径多清晰、资源包多完整，你的“开篇”都只是“后续内容的目录”，而不是“一个自洽的5分钟教程”。

[8] optimizer:
# weave v0.4 教程开篇方案：最终优化——从“内容设计”到“行为设计”

## 一、对四轮讨论的批判性总结

skeptic、optimizer、devil的讨论已充分暴露了一个核心困境：**方案设计者在“内容完整性”与“认知可承载性”之间反复摇摆**。skeptic的最终质疑直击要害：**“5分钟视频的最小成功标准是什么？”** ——这个问题至今未被正面回答。

我的核心判断：**所有讨论都陷入了“信息传递”的思维定式，而忽略了“行为触发”才是5分钟教程的第一性目的。** 5分钟不足以“教会”任何东西，但足以“启动”一个行为。因此，本方案的设计目标不是“让用户理解weave”，而是**“让用户做出一个无法反悔的微小行为，从而启动学习循环”**。


## 二、核心设计原则：从“信息传递”转向“行为触发”

### 1. 最小成功标准（MSC）的确立

**MSC：用户在看完视频后，在weave的CodeSandbox中成功修改了一行代码，并看到了对应效果。**

为什么这是MSC：
- **可衡量**：后台可追踪CodeSandbox的访问和修改行为。
- **不可逆**：用户一旦动手修改并看到效果，就完成了“第一次成功体验”，这是建立信任的唯一可靠方式。
- **可传染**：用户会主动分享自己的成功体验，形成传播。


### 2. 设计原则

| 原则 | 含义 | 对设计的影响 |
|------|------|-------------|
| **单一路径** | 5分钟内只引导用户做一件事 | 砍掉所有非必要信息，只保留“完成一个操作”所需的最小知识 |
| **零输入成本** | 用户不需要安装、配置、阅读 | 所有环境预置在CodeSandbox中，用户只需点击链接 |
| **即时反馈** | 操作后立刻看到效果 | 删除代码→弹窗错位→恢复代码→弹窗正常，形成“行为-结果”强关联 |
| **失败即结束** | 如果用户未完成操作，教程视为失败 | 不提供“观看模式”——用户必须动手才能获得完整价值 |


## 三、具体方案设计

### 第一步（0:00-0:30）：不打招呼，直接展示“失败”

**画面**：一个真实项目的弹窗错位截图（z-index冲突导致遮罩盖住内容）。

**画外音**：“如果你写过React弹窗，你大概率见过这个。这是今天我们要解决的问题。但我不打算先讲理论——我们先动手。”

**设计意图**：
- 不设“共鸣环节”，直接展示问题，让有该痛点的用户自行对号入座。
- 明确告知“先动手后理论”，建立预期。

### 第二步（0:30-1:30）：给出“操作指令”，而非“概念解释”

**画面**：屏幕显示CodeSandbox链接和一行操作指令。

**画外音**：“打开描述栏第一个链接。你会看到一个弹窗组件——它现在工作正常。现在，**删掉第23行的`<Layer>`标签**，然后点击预览。”

**设计意图**：
- 用户被引导执行一个**明确、无歧义、低风险**的操作。
- 不解释`<Layer>`是什么——让用户先看到“没有它会发生什么”。

### 第三步（1:30-3:30）：等待用户操作，引导观察

**画面**：屏幕定格在CodeSandbox界面，等待用户操作。**这里需要预留2分钟的真实等待时间**，画外音引导观察。

**画外音**：“删掉了吗？预览后弹窗是不是错位了？现在，**撤销删除**，再预览一次。看到了吗？弹窗恢复了。这就是weave解决的第一个问题——组件层级隔离。”

**设计意图**：
- 用户通过“破坏-修复”的对比，**亲身体验**weave的价值，而非听信演示。
- 这是“行为触发”的核心——用户已经完成了一次成功的操作循环。

### 第四步（3:30-4:30）：给出“一句话心智模型”，并关联到用户自己的项目

**画外音**：“刚刚你体验的，是weave的‘上下文隔离’机制——组件自己知道该怎么显示，不需要你手动调整z-index。现在，**回想你自己的项目**——你有没有一个弹窗、下拉菜单或Tooltip，曾经让你写过类似的hack？如果有，weave能帮你删掉那些代码。”

**设计意图**：
- 将用户的“操作体验”与“自身痛点”建立连接。
- 不承诺“weave能解决一切”，只引导用户自行判断“是否值得尝试”。

### 第五步（4:30-5:00）：给出“下一步的唯一选择”

**画面**：屏幕显示两个选项——但**只有一个可点击**。

**画外音**：“如果你刚刚的体验是顺畅的，描述栏有‘迁移指南’链接——里面有一个专门教你如何替换z-index hack的教程。如果你觉得‘这和我无关’，那weave可能不适合你——但请记住，你刚刚亲眼看到了一个解决方案的存在。”

**设计意图**：
- 不提供“分级路径”——只提供一个明确的下一步。
- 用户若选择不继续，也不会产生“被营销”的反感——因为他们已经“亲手验证”过了。


## 四、针对skeptic最终质疑的逐条回应

### 回应“5分钟内容能否承载所有使命？”

**我的回答：** 不能，也不应该。因此我**砍掉了所有非必要使命**——只保留一个：**“让用户完成一次成功的破坏-修复操作”**。共鸣、概念、路径、警告——全部砍掉。如果用户完成了这个操作，他们自然会产生“想了解更多”的动机；如果没有，任何话语都无法留住他们。

### 回应“CodeSandbox验证是否只是另一种形式的行动号召？”

**我的回答：** 不同之处在于**失败成本**。原方案的“行动号召”让用户在自己的项目中尝试——失败成本高（可能破坏现有代码）。我的方案让用户在预置环境中尝试——失败成本为零。但更重要的是，**CodeSandbox中的操作是“真实”的**——用户确实删除了代码、看到了问题、修复了问题。这不是“假验证”，而是“低风险的真实验证”。

### 回应“分级路径是否把决策责任推给用户？”

**我的回答：** 我取消了分级路径。只提供一个下一步——“迁移指南”，且明确说明“这个指南专门教你替换z-index hack”。用户不需要做决策，只需要决定“要不要继续”。

### 回应“信任闭环是否在CodeSandbox中闭合了？”

**我的回答：** 我承认，CodeSandbox中的信任闭环是“体验的信任”，而非“迁移的信任”。但在5分钟内，迁移的信任不可能建立——它需要用户在自己的项目中成功完成一次替换。因此，我的教程只承诺一件事：**“你看到了weave能解决弹窗层级问题——如果你也有这个问题，迁移指南会教你如何解决。”** 至于用户是否愿意尝试，那是他们的选择。

### 回应“5分钟视频是否沦为引流广告？”

**我的回答：** 广告是“告诉你有好东西”，教程是“教你用好东西”。我的方案介于两者之间——它让用户在5分钟内**亲手使用**了weave的一个功能。这更像“试用装”——不是广告，不是教程，而是**“体验设计”**——让用户在零风险中亲自感受产品价值。


## 五、总结：从“内容设计”到“行为设计”

四轮讨论的教训是：**方案设计者一直在试图“说服”用户，而忘了“让用户自己说服自己”。** 我的方案将全部精力放在**设计一个“不可抗拒的微小行为”**上——删一行代码，看到效果，撤销删除，看到恢复。这个行为：

- **零风险**（在CodeSandbox中）
- **即时反馈**（删除→错位→恢复→正常）
- **可迁移**（用户会想“我自己的项目里哪里可以这样用”）

**当用户完成这个行为时，他们不是“被说服相信weave”，而是“自己验证了weave”。** 这比任何话术都更有力，也比任何“完整教程”都更诚实——因为5分钟能做的，只有这么多。

[9] devil:
# weave v0.4 教程开篇方案：风险分析与漏洞识别

## 一、方案核心逻辑回顾

本方案经过多轮迭代，最终确立的核心逻辑为：**"展示失败场景 → 引导用户执行破坏-修复操作 → 建立亲身体验 → 关联自身痛点 → 提供单一后续路径"**。方案明确将"最小成功标准（MSC）"定义为"用户在CodeSandbox中成功修改一行代码并看到效果"，强调从"信息传递"转向"行为触发"。

---

## 二、风险与漏洞分析

### 风险 1：MSC的"行为门槛"可能过滤掉"高潜力但低行动力"用户

**漏洞描述：**  
方案将MSC定义为"用户动手修改CodeSandbox代码"。但大量用户（尤其是观看教程的**被动学习者**）可能出于惰性、时间限制或"先看完再动手"的习惯，**不执行操作**。这部分用户将被方案视为"失败案例"，但其中可能包含对weave有真正需求、只是观看习惯偏被动的高潜力用户。

**影响评估：**  
- 若CodeSandbox操作率低于预期（例如仅30%），则85%的观看者未达到MSC，方案效果被严重高估。
- 被过滤的用户可能转向竞品，且因"未获得完整价值"而对weave留下"教程门槛高"的负面印象。

**缓解建议：**  
- 在视频中明确告知"如果你现在不方便动手，可以先看完，但强烈建议稍后回来操作"——将"观看模式"作为合法选项，而非失败案例。
- 在视频结尾提供"回顾操作"的链接，允许用户事后补做，而非仅限观看时完成。

### 风险 2：CodeSandbox的"零输入成本"假设可能不成立——环境加载失败、网络限制等外部因素

**漏洞描述：**  
方案假设"所有环境预置在CodeSandbox中，用户只需点击链接"。但现实场景中，**CodeSandbox可能加载缓慢、被公司网络屏蔽、或需要登录GitHub账号**。若用户因外部因素无法访问，将直接中断"行为触发"链条。

**影响评估：**  
- 用户因技术障碍无法体验，会归咎于weave本身（"连官方Demo都打不开"）。
- 该风险**无法通过内容设计解决**，只能通过技术保障缓解。

**缓解建议：**  
- 提供**多个备用体验渠道**（如StackBlitz、CodePen、本地npm包下载链接）。
- 在视频中口播"如果CodeSandbox打不开，描述栏有备用链接"。

### 风险 3："破坏-修复"操作可能因用户误操作而失败——撤销删除后仍错位

**漏洞描述：**  
方案引导用户"删掉`<Layer>`标签→预览→错位→撤销删除→预览→恢复"。但若用户在撤销时误删了其他代码，或撤销后未正确保存，可能导致弹窗仍然错位。此时用户会认为"weave的`<Layer>`组件不稳定"，而非"自己操作失误"。

**影响评估：**  
- 用户将"操作失败"归因于"产品缺陷"，产生负面印象。
- 该风险在**直播演示**中尤为致命（无法预演用户操作）。

**缓解建议：**  
- 在CodeSandbox中预设"重置"按钮，允许用户一键恢复初始状态。
- 在视频中口播"如果不小心删错了，点击右上角的'重置'按钮即可恢复"。

### 风险 4："一句话心智模型"的传递可能因过度简化而失真——"上下文隔离"概念被误解

**漏洞描述：**  
方案第四步用"组件自己知道该怎么显示，不需要你手动调整z-index"来解释"上下文隔离"机制。但**该解释忽略了weave的底层实现复杂度**（如样式注入机制、CSS层叠规则）。用户可能形成"weave是自动处理所有样式问题"的错误预期，在实际项目中遇到复杂场景时产生巨大落差。

**影响评估：**  
- 用户带着过高预期进入真实项目，遭遇首个未自动处理的样式问题时，会产生"教程夸大宣传"的背叛感。
- 心智模型失真比"没有心智模型"更危险——因为它会误导用户的后续学习路径。

**缓解建议：**  
- 在话术中增加边界声明："weave的`<Layer>`组件解决了层级隔离问题——但如果你需要深度自定义DOM结构，它可能不适合你。"
- 在视频结尾文字卡片中列出"已知限制"链接，让用户提前了解适用边界。

### 风险 5："单一后续路径"可能因迁移指南的完备性不足而断裂

**漏洞描述：**  
方案第五步仅提供"迁移指南"作为后续路径，并承诺"里面有一个专门教你如何替换z-index hack的教程"。但若该指南**尚未完成**（v0.4文档可能不完善），或内容与视频演示场景不一致，用户将因"找不到教程中承诺的内容"而流失。

**影响评估：**  
- 用户因"承诺未兑现"而产生不信任，且该不信任会**扩散到weave整体**。
- 该风险在v0.4阶段尤为突出——文档建设通常滞后于功能开发。

**缓解建议：**  
- 在视频发布前**严格验证迁移指南的可用性**，确保用户按路径操作能成功。
- 若指南尚未完成，可暂时将"社区求助"作为替代路径，而非直接指向不存在的文档。

### 风险 6：对"行为触发"的过度强调可能导致"认知缺失"——用户理解了"怎么做"但不懂"为什么"

**漏洞描述：**  
方案将全部精力放在"让用户动手操作"上，刻意砍掉了概念解释。但**操作本身不产生理解**——用户可能成功删除了`<Layer>`标签、看到效果，但完全不知道"上下文隔离"是什么、为什么weave能实现、自己项目中哪些场景适用。这种"知其然不知其所以然"的状态，会导致用户在真实项目中**无法迁移应用**。

**影响评估：**  
- 用户完成MSC后，仍需阅读大量文档才能开始实际使用——教程的"引导价值"被削弱。
- 若用户因"不知道原理"而在真实项目中用错场景，会归因于"weave设计不合理"，而非"自己理解不足"。

**缓解建议：**  
- 在第四步的"一句话心智模型"之后，增加一句**"如果你想了解背后的原理，描述栏有'核心概念'文档链接"**——将"深入理解"作为可选项，而非强制要求。
- 在视频结尾文字卡片中提供"概念图解"（如一张简单的上下文隔离示意图）。

### 风险 7：整个方案缺乏"失败场景"的预案——若用户操作后弹窗未错位，教程如何收场？

**漏洞描述：**  
方案假设"删除`<Layer>`标签后弹窗必然错位"。但若因CodeSandbox的某些预置样式（如全局CSS重置）导致弹窗即使没有`<Layer>`也正常显示，用户的"破坏-修复"体验将不成立——他们看不到"错位"效果，也就无法建立"weave解决了问题"的认知。

**影响评估：**  
- 操作未产生预期效果，用户困惑且失望——教程的核心价值主张被证伪。
- 该风险在**技术演示中极为常见**（环境差异、样式覆盖、版本兼容性）。

**缓解建议：**  
- **预录保底**：在视频中嵌入一段预录的"破坏-修复"演示，作为CodeSandbox操作失败时的替代展示。
- **操作前验证**：在教程发布前，**在多个浏览器、网络环境、设备上测试CodeSandbox示例**，确保"删除→错位"的因果关系稳定成立。

### 风险 8：对"非目标用户"的排斥可能损害weave的社区生态——被过滤的"新手"可能是未来的布道者

**漏洞描述：**  
方案刻意不设"共鸣环节"，直接展示弹窗错位问题。这意味着**从未写过弹窗的React新手**（可能刚学React 3个月）会直接看到一段他们无法理解的代码和问题。他们可能关闭视频，但未来当他们遇到弹窗问题时，不会想到weave——因为他们的首次接触是"失败体验"。

**影响评估：**  
- 新手被过早过滤，但新手是**社区增长的重要来源**——他们可能在未来成为布道师。
- 方案在筛选"精准用户"的同时，牺牲了"潜在用户"的培育。

**缓解建议：**  
- 在视频开头增加一句"如果你还没写过弹窗，记住这个画面——你迟早会遇到的"，将"筛选"变为"播种"。
- 在描述栏标注"适合有React经验但受困于样式管理的开发者"，而非在视频中设置隐形的"经验门槛"。

---

## 三、总结：核心风险矩阵

| 风险等级 | 风险描述 | 缓解策略优先级 |
|---------|---------|---------------|
| 🔴 高 | CodeSandbox外部因素导致用户无法访问 | 提供多个备用渠道 + 口播提示 |
| 🔴 高 | 迁移指南未完成导致后续路径断裂 | 严格验证指南可用性 + 提供替代路径 |
| 🔴 高 | 操作未产生预期效果（弹窗未错位） | 预录保底演示 + 多环境测试 |
| 🟠 中 | 用户因惰性未执行操作，被误判为失败 | 提供"观看模式"选项 + 事后补做链接 |
| 🟠 中 | "一句话心智模型"过度简化导致误解 | 增加适用边界声明 + 已知限制链接 |
| 🟠 中 | 行为触发导致认知缺失（懂操作不懂原理） | 提供"核心概念"文档链接作为可选项 |
| 🟡 低 | 新手被过早过滤，损害社区增长 | 开场增加"播种"话术 + 描述栏标注适用人群 |
| 🟡 低 | 用户误操作导致"破坏-修复"失败 | 预设"重置"按钮 + 口播操作提示 |

---

## 四、最终建议

本方案的核心创新——"行为触发"替代"信息传递"——是值得肯定的方向，它解决了"看完即忘"的教程通病。但方案的**执行脆弱性**不容忽视：MSC的实现高度依赖CodeSandbox的可用性、迁移指南的完备性、以及用户操作的准确性。**任何一个环节的技术故障，都会将"行为触发"变为"行为挫败"，且挫败感比"未触发"更具破坏性。**

建议方案设计者将上述风险缓解策略**内化到教程脚本和配套资源中**，而非作为"补充说明"存在。具体而言：
1. **发布前**：在3种以上环境测试CodeSandbox示例，确保"删除→错位"的因果关系稳定。
2. **发布时**：在描述栏提供备用体验链接、重置按钮说明、已知限制列表。
3. **发布后**：监控CodeSandbox操作率，若低于预期，需在视频中增加"事后补做"的提醒。

**这5分钟教程的终极考验不是"用户是否完成了操作"，而是"操作完成后，用户是否带着'我知道下一步该做什么'的信心离开"。** 如果"行为触发"未能转化为"行动信心"，那么它只是另一种形式的"演示秀"——只不过这次，用户亲手参与了演出。

[10] skeptic:
# weave v0.4 教程开篇方案：终局质疑

## 核心追问：这5分钟，到底是在为“weave”服务，还是在为“开发者”服务？

---

### 质疑一：你所谓的“行为触发”，是否只是“行为操控”？——用户在5分钟内被引导完成的操作，真的是他们“自己的选择”吗？

**质疑点：**  
你设计了“删掉`<Layer>`标签→看到错位→撤销→看到恢复”的完整操作链，并称之为“让用户自己说服自己”。但**这个操作链的所有步骤、所有预期结果、所有“顿悟时刻”都是你预设的**。用户不是“发现”了weave的价值，而是“被引导”到你想让他们到达的结论。这本质上是一种**认知操控**——只不过披上了“动手实践”的外衣。

**尖锐提问：**  
- 如果用户删掉`<Layer>`后，弹窗没有错位（比如因为某些浏览器兼容性问题），他们的“发现”是什么？他们会认为“weave没用了”，还是“这个教程不靠谱”？  
- 你给了用户“破坏-修复”的体验，但**你给过他们“不破坏”的自由吗？** 如果用户想尝试“删除其他代码看看会怎样”，你的CodeSandbox允许吗？还是说，你只允许他们在你预设的轨道上“自由探索”？  
- **请回答：当用户完成你设计的操作后，他们是对weave有了“自己的理解”，还是只是复刻了你的理解？** 如果只是复刻，那这和“填鸭式教学”有何区别？

---

### 质疑二：你的“单一后续路径”是否过于傲慢？——你凭什么认为“迁移指南”是用户唯一需要的下一步？

**质疑点：**  
你取消了“分级路径”，只提供“迁移指南”作为唯一后续。但**用户的需求是多样的**：有人可能想先看API文档，有人可能想先看设计哲学，有人可能想直接看完整示例项目。你用一个“迁移指南”试图满足所有人，本质上是**用“方案设计者的偏好”替代“用户的真实需求”**。

**尖锐提问：**  
- 如果用户看完视频后，觉得“弹窗问题解决了，但我想知道weave怎么处理表单验证”，你的“迁移指南”能回答吗？如果不能，用户是否只能自己摸索？  
- 你声称“用户不需要做决策，只需要决定要不要继续”——但**“要不要继续”本身就是一个决策**。你只是把决策从“选择哪条路径”简化成了“要不要继续”，但并没有消除决策本身。  
- **请回答：如果用户觉得“迁移指南”太难、太复杂、太啰嗦，他们还有别的选择吗？** 如果你的方案没有提供“替代出口”，那用户要么硬着头皮啃指南（可能放弃），要么离开（永远流失）。这是你想要的吗？

---

### 质疑三：你的“行为触发”是否忽略了“情感触发”？——用户为什么要“动手”？仅仅因为“操作简单”吗？

**质疑点：**  
你的方案假设“只要操作足够简单，用户就会动手”。但**驱动用户行动的，不是“简单”，而是“动机”**。一个用户可能觉得你的CodeSandbox操作很简单，但心里想的是：“我为什么要花时间去删一行代码？这对我有什么好处？”——如果你的视频没有在开头2分钟内建立“这个操作值得我做”的动机，用户根本不会走到CodeSandbox那一步。

**尖锐提问：**  
- 你的视频开头直接展示弹窗错位问题——但**如果用户没有弹窗问题**（比如他们做的是后台管理系统，没有复杂弹窗场景），他们为什么要在CodeSandbox里删代码？  
- 你声称“不设共鸣环节，让有痛点的用户自行对号入座”——但**没有痛点的用户呢？** 他们可能在第一分钟就关掉视频，因为“这和我无关”。你的“行为触发”只对有痛点的用户有效，但**如何吸引那些“还没意识到自己有痛点”的用户？**  
- **请回答：你的视频是否有“动机建立”环节？** 如果没有，你只是在“筛选”用户，而不是“吸引”用户。筛选的结果是：你只留下了一小撮“正好有弹窗问题且愿意动手”的人，而失去了大量潜在用户。

---

### 质疑四：你的“最小成功标准”是否过于狭窄？——用户完成CodeSandbox操作，真的意味着“教程成功”吗？

**质疑点：**  
你将MSC定义为“用户在CodeSandbox中成功修改一行代码并看到效果”。但**这个MSC只衡量了“操作完成”，没有衡量“理解形成”**。一个用户可能成功删了`<Layer>`、看到了错位、撤销、看到了恢复——但他们可能完全不知道“为什么weave能解决这个问题”“我自己的项目里怎么用”“weave的适用边界是什么”。他们只是“做了”，但没有“懂”。

**尖锐提问：**  
- 如果用户完成了操作，但无法回答“weave的`<Layer>`组件和普通的`div`有什么区别”，你的教程成功了吗？  
- 如果用户完成了操作，但回到自己项目后，面对“如何安装weave”“如何引入样式”“如何与现有组件库共存”等问题时依然束手无策，你的教程成功了吗？  
- **请回答：你的MSC是否过于“行为导向”，而忽略了“认知导向”？** 一个真正的“上手教程”，应该让用户不仅“能做”，还要“能懂”——否则他们只是“玩了一个Demo”，并未真正“上手”。

---

### 质疑五：关于“信任闭环”的最终追问——你如何确保用户在CodeSandbox中的成功体验，能转化为对weave的长期信任？

**质疑点：**  
你声称“信任来自实践”，所以设计CodeSandbox让用户亲手验证。但**用户在CodeSandbox中的成功，是在你精心设计的“温室环境”中取得的**——没有真实的依赖冲突、没有遗留代码、没有团队协作压力。当用户回到真实项目，面对“如何说服同事使用weave”“如何处理与现有样式系统的冲突”“如何应对版本升级”等现实问题时，他们在CodeSandbox中建立的“信任”会瞬间崩塌。

**尖锐提问：**  
- 你是否在视频中明确告知用户：“CodeSandbox中的体验是理想化的，真实项目可能遇到更多挑战”？如果没有，用户会带着“过高预期”进入真实项目，然后遭遇“预期落差”。  
- 你是否提供了“真实项目改造案例”作为参考？如果没有，用户只能靠自己摸索——而摸索失败的责任，最终会归咎于weave。  
- **请回答：你的“信任闭环”是否只闭合在CodeSandbox中，而在用户的真实项目中是敞开的？** 如果是，那么你的教程只是“信任的预演”，不是“信任的闭环”。

---

### 质疑六：关于讨论的终极反思——你是否在“行为设计”的名义下，逃避了“内容设计”的责任？

**质疑点：**  
你批评之前的方案“试图说服用户”，然后提出“让用户自己说服自己”。但你有没有想过：**“让用户自己说服自己”本身就是一种“说服策略”**——只不过更隐蔽、更高级。你通过设计操作路径，让用户“自己得出你想让他们得出的结论”，这比直接说“weave很好”更有操控性，因为它让用户误以为“这是我自己发现的”。

**尖锐提问：**  
- 你的“行为触发”设计，是否在**利用用户的认知偏差**（如“实践偏见”——人们更相信亲自验证过的东西）？如果是，这是否是一种“不诚实”的说服方式？  
- 如果用户完成了CodeSandbox操作，但后来发现weave在其他场景中表现不佳（比如性能问题、SSR兼容性），他们会觉得“是我自己验证过的，weave应该没问题”——这种“过度信任”是否比“不信任”更危险？  
- **请回答：你的方案是否在“行为设计”的名义下，逃避了“内容设计”的责任？** 真正的“内容设计”应该告诉用户“weave的适用边界在哪里”“weave的已知限制是什么”“weave不适合哪些场景”——而不是仅仅让用户“体验一个成功案例”。

---

## 最终质问：请用一句话回答——这5分钟视频，到底是在“教开发者使用weave”，还是在“让开发者对weave产生好感”？

如果是前者，你的方案缺乏“认知深度”——用户只学会了“删一行代码”，没学会“如何在自己的项目中应用weave”。  
如果是后者，你的方案缺乏“诚实性”——你让用户在“温室环境”中体验成功，却未告知他们“真实环境”中的挑战。  

**真正的“上手教程”，应该让用户带走“一个能指导他们独立解决问题的框架”**——比如：“在weave中，我先要理解‘上下文隔离’这个概念，然后才能知道我的弹窗问题该用哪个组件。如果遇到问题，我知道该去查‘核心概念’文档或‘迁移指南’。”  

**请回答：你的5分钟内容，能否在用户不离开播放器的情况下，让他们形成这个框架？** 如果不能，那么无论你的CodeSandbox多巧妙、操作多简单、行为触发多有效，你的“开篇”都只是“一次精心设计的体验营销”，而非“一个自洽的5分钟教程”。

[11] optimizer:
# weave v0.4 教程开篇方案：最终整合——从“行为触发”到“认知脚手架”

## 一、对六轮讨论的批判性总结

这场讨论经历了从“内容设计”（讲什么）到“行为设计”（让用户做什么）再到“认知设计”（用户带走什么）的三次跃迁。skeptic的终局质疑揭示了所有方案的根本矛盾：**行为触发解决了“动手”问题，但未解决“理解”问题；认知深度解决了“理解”问题，但可能牺牲“行动率”。**

我的核心判断：**5分钟教程的终极目标不是“让用户完成一个操作”，也不是“让用户理解一个概念”，而是“让用户获得一个可迁移的认知框架”——这个框架足以指导他们在教程结束后独立探索。**

因此，本方案的最终形态是：**用“行为触发”建立信心，用“认知脚手架”建立理解，用“边界声明”建立信任。三者缺一不可。**


## 二、最终方案设计：认知脚手架模型

### 设计原则

| 原则 | 含义 | 设计体现 |
|------|------|---------|
| **行为触发** | 让用户在2分钟内完成一次成功体验 | CodeSandbox“破坏-修复”操作 |
| **认知脚手架** | 用“已知概念”解释“未知概念” | 将“上下文隔离”类比为“组件自带的CSS作用域” |
| **边界声明** | 明确告知“什么能做、什么不能做” | 在操作后立即说明适用边界 |
| **单一路径** | 只提供一个明确的下一步 | “迁移指南”+“核心概念”双入口 |


### 详细脚本（5分钟）

#### 第一步（0:00-0:30）：问题展示——不设共鸣，直接呈现

**画面**：一个真实的弹窗错位截图（z-index冲突），旁边标注“第47行：z-index: 9999；第52行：z-index: 10000”。

**画外音**：“这是我在一个真实项目中遇到的弹窗层级问题。你可能也遇到过——或者你迟早会遇到。今天，我们不谈理论，先做一个30秒的实验。”

**设计意图**：
- 用“真实项目”而非“假设场景”建立可信度。
- 不设“你是否有这个问题”的筛选，而是“你可能会遇到”——降低防御心理。
- 明确告知“先实验后理论”，建立预期。

#### 第二步（0:30-1:30）：操作指令——给出“唯一动作”

**画面**：屏幕显示CodeSandbox链接和一行指令。

**画外音**：“打开描述栏第一个链接。你会看到一个弹窗组件——它现在工作正常。现在，**删掉第23行的`<Layer>`标签**，然后点击预览。你不需要理解`<Layer>`是什么——只需要看会发生什么。”

**设计意图**：
- 操作指令**唯一且无歧义**——降低认知负荷。
- 明确“不需要理解”——允许用户在“不知道原理”的情况下行动。
- CodeSandbox链接在描述栏——用户需要暂停视频才能操作，这为“边看边做”创造了自然节奏。

#### 第三步（1:30-3:00）：观察引导——不解释，只引导观察

**画面**：屏幕定格在CodeSandbox界面，等待用户操作。**预留90秒真实等待时间**，画外音引导观察。

**画外音**：“删掉了吗？预览后弹窗是不是错位了？现在，**撤销删除**，再预览一次。看到了吗？弹窗恢复了。你刚刚亲手验证了weave能解决什么问题——组件层级隔离。”

**设计意图**：
- 用户通过“破坏-修复”体验weave的价值，而非听信演示。
- **不解释原理**——让用户先“看到结果”，再“理解原因”。
- 用“你刚刚亲手验证了”强化用户的“主体感”。

#### 第四步（3:00-4:00）：认知脚手架——用“已知”解释“未知”

**画面**：在CodeSandbox代码旁，用动画展示“没有`<Layer>`时，弹窗的CSS作用域是全局的；有`<Layer>`时，作用域被隔离到组件内部”。

**画外音**：“你可能用过CSS Modules或Tailwind的`@apply`——它们让样式在**编译时**隔离。weave的`<Layer>`做了类似的事，但发生在**运行时**——组件自己知道自己该显示在哪一层，不需要你手动调整z-index。就像CSS Modules让你不用想类名冲突，weave让你不用想层级冲突。”

**设计意图**：
- **用“CSS Modules”类比“上下文隔离”**——这是React开发者熟悉的“已知概念”。
- 解释“编译时 vs 运行时”的核心差异——这是weave区别于其他方案的关键。
- 不展开技术细节——只建立“心智锚点”，让用户知道“该往哪个方向理解”。

#### 第五步（4:00-4:30）：边界声明——诚实告知“什么不能做”

**画面**：屏幕切换为文字卡片，列出“weave v0.4的适用边界”。

**画外音**：“weave的`<Layer>`解决了层级隔离问题，但它不是万能的。如果你需要深度自定义DOM结构，或你的项目已经有完整的样式方案，weave可能不适合你。v0.4是预览版，API在1.0前可能调整——但核心的‘上下文隔离’模型不会变，这也是你现在学习它的价值。”

**设计意图**：
- **主动声明边界**——避免用户带着“过高预期”进入真实项目。
- **诚实告知版本状态**——将“v0.4不稳定”从“隐藏风险”转化为“共同探索”。
- 用“核心模型不会变”建立长期信心——但这是**设计意图**而非**承诺**，需用“我们目前的设计意图是……”的措辞。

#### 第六步（4:30-5:00）：双入口——不是选择，而是“下一步”

**画面**：屏幕显示两个入口，但**明确标注主次**。

**画外音**：“如果你刚刚的体验是顺畅的，描述栏有两个链接：**‘迁移指南’**——教你如何替换现有项目里的z-index hack；**‘核心概念’**——帮你理解weave的‘上下文隔离’模型。我建议**先看迁移指南**——它直接解决你刚体验的问题。核心概念文档是给想深入理解的人准备的。”

**设计意图**：
- **不提供“分级路径”**（A/B/C），而是提供“主路径+补充路径”。
- **明确推荐**“先看迁移指南”——替用户做初筛，而非让用户自己选。
- 两个入口都指向“解决刚体验的问题”——与视频内容强关联，而非泛泛的“文档首页”。


## 三、对skeptic终局质疑的逐条回应

### 回应“行为触发是否只是行为操控？”

**我的回答：** 任何教学都是“引导”——关键在于**是否告知用户“你在被引导”**。我的方案在第二步明确说“你不需要理解`<Layer>`是什么——只需要看会发生什么”，在第四步才解释原理。这**不是操控**，而是“先体验后理解”的教学法——就像学骑自行车，先让你骑上去，再解释平衡原理。

**但更重要的是**：我的CodeSandbox允许用户**自由探索**——删掉`<Layer>`后，他们可以尝试删其他代码，看会发生什么。如果弹窗没有错位，他们会“发现”weave的适用边界——这比“只体验成功案例”更诚实。

### 回应“单一后续路径是否过于傲慢？”

**我的回答：** 我提供的是“主路径+补充路径”，而非“唯一路径”。**迁移指南**是主路径，因为它直接解决用户刚体验的问题；**核心概念**是补充路径，因为它满足“想深入理解”的用户需求。如果用户有其他需求（如“weave怎么处理表单验证”），他们会在迁移指南的“相关文档”部分找到入口——**我无法在5分钟内覆盖所有需求，但我能确保“下一步”是清晰的。**

### 回应“行为触发是否忽略了情感触发？”

**我的回答：** 我的方案用“你迟早会遇到这个问题”替代了“你有这个问题吗”——前者是“播种”，后者是“筛选”。**“播种”让“没有痛点的用户”也留下了一个心理锚点**：当他们未来遇到弹窗问题时，会想起“weave似乎能解决这个”。这比“让有痛点的用户对号入座”更有长期价值——它不筛选用户，而是培育潜在用户。

### 回应“MSC是否过于行为导向？”

**我的回答：** 我承认，仅用“完成操作”作为MSC是不够的。因此，我将MSC扩展为**“用户在CodeSandbox中完成操作，并能用自己的话复述‘weave解决了什么问题’”**。前者是“行为指标”，后者是“认知指标”。操作完成后，第四步的“认知脚手架”会引导用户形成复述能力——如果他们能说出“weave让我不用手动调z-index”，则教程成功。

### 回应“信任闭环是否只闭合在CodeSandbox中？”

**我的回答：** 我承认，5分钟内无法建立“迁移的信任”——它需要用户在真实项目中成功完成一次替换。因此，我的教程只承诺一件事：**“你看到了weave能解决弹窗层级问题——如果你也有这个问题，迁移指南会教你如何解决。”** 迁移指南会包含“真实项目改造案例”，让用户看到“不是只有Demo能成功”。

### 回应“是否在行为设计的名义下逃避了内容设计的责任？”

**我的回答：** 我的方案包含“内容设计”——但它是**“认知脚手架”而非“知识灌输”**。第四步的“CSS Modules类比”和第五步的“边界声明”都是内容，但它们被**嵌入到行为链条中**，而非单独成段。用户先“体验”，再“理解”，最后“知道边界”——这是“内容”与“行为”的融合，而非“逃避”。


## 四、最终总结：从“教程”到“认知入口”

六轮讨论的终极启示是：**5分钟教程不是“教学”，而是“认知入口”——它要让用户带着“一个可迁移的认知框架”离开，而不是带着“一堆操作步骤”或“一个概念名词”离开。**

我的方案让用户带走的是：**“在weave中，层级问题不是用CSS覆盖解决的，而是用组件边界隔离的。我知道该去查‘迁移指南’来替换我的z-index hack，如果遇到问题，我可以在‘核心概念’文档里找到原理。”**

这句话包含：
- **一个可迁移的认知框架**（层级问题→边界隔离）
- **一个明确的下一步**（查迁移指南）
- **一个求助路径**（查核心概念）

**如果用户在5分钟后能说出这句话，那么无论他们是否立即动手改造自己的项目，weave都已经在他们心中种下了一颗“值得尝试”的种子。这颗种子会在他们遇到下一个弹窗问题时发芽——而那时，他们会想起这5分钟。**

[12] devil:
# weave v0.4 教程开篇方案：最终风险与漏洞分析

## 一、方案核心逻辑回顾

经过多轮迭代，方案最终确立为**"问题展示→行为触发→认知脚手架→边界声明→双入口引导"**的叙事结构。核心设计原则是：用CodeSandbox"破坏-修复"操作建立亲身体验，用"CSS Modules类比"搭建认知脚手架，用边界声明管理预期，最终引导用户进入"迁移指南"或"核心概念"文档。

---

## 二、风险与漏洞分析

### 风险 1：CodeSandbox"破坏-修复"体验的**确定性假设**——操作结果可能因环境差异而不稳定

**漏洞描述：**  
方案的核心信任建立机制是"删掉`<Layer>`标签→弹窗必然错位→撤销→弹窗必然恢复"。但这一因果链条依赖多个前提：CodeSandbox的样式预置正确、浏览器渲染一致、用户操作准确。**任何一个环节的微小偏差**（如浏览器对CSS层叠的解析差异、CodeSandbox的依赖加载顺序、用户误删其他代码）都可能导致"删除后弹窗仍正常"或"撤销后弹窗未恢复"。

**影响评估：**  
- 操作结果与预期不符时，用户会将"体验失败"归因于"weave不可靠"，而非"环境差异"。信任崩塌的后果比"未体验"更严重——用户会带着"我亲手试过，不行"的结论离开，且极难挽回。
- CodeSandbox作为第三方服务，其稳定性不受weave团队控制。若在视频发布期间出现服务故障，教程的核心价值主张将**整体失效**。

**缓解建议：**  
- **预录保底演示**：在视频中嵌入一段预录的"破坏-修复"过程，作为CodeSandbox操作失败时的无缝替代。用户即使无法操作，也能看到预期的因果链条。
- **操作前环境验证**：在CodeSandbox中预设"检测环境"脚本，若检测到异常（如样式未加载），自动提示"当前环境异常，请观看预录演示"。
- **发布前多环境测试**：至少在Chrome、Firefox、Safari三个主流浏览器及移动端视口下测试示例，确保因果链条稳定。

---

### 风险 2："认知脚手架"类比的**误导性**——"CSS Modules类比"可能让用户形成错误的心智模型

**漏洞描述：**  
方案用"CSS Modules"类比"上下文隔离"，解释为"CSS Modules让你不用想类名冲突，weave让你不用想层级冲突"。但**CSS Modules是编译时静态隔离，weave的`<Layer>`是运行时动态隔离**——两者在实现机制、性能特征、适用场景上有本质差异。用户可能形成"weave只是CSS Modules的运行时版本"的错误理解，进而在真实项目中用错场景（如期望weave解决所有样式冲突问题）。

**影响评估：**  
- 错误类比导致错误预期——用户可能认为"weave能自动隔离所有样式"，在遇到未被隔离的场景（如全局样式覆盖）时产生"教程夸大宣传"的背叛感。
- 类比过度简化了weave的架构创新——用户可能低估其学习价值，认为"不过是个样式隔离工具"，从而忽视其"状态驱动样式"的核心设计。

**缓解建议：**  
- **类比后立即补充差异说明**："CSS Modules是编译时隔离，weave是运行时隔离——这意味着weave能处理动态场景，比如弹窗在运行时才挂载。"
- **提供"反例"**：在视频中展示一个"CSS Modules解决不了、但weave能解决"的场景（如动态挂载的弹窗层级），强化对差异的认知。
- **在"核心概念"文档中详细阐述类比与差异**，并在视频中引导"想深入理解的用户"阅读。

---

### 风险 3："边界声明"与"行动号召"的**内在矛盾**——既说"可能不适合你"，又说"建议先看迁移指南"

**漏洞描述：**  
方案第五步明确声明"如果你需要深度自定义DOM结构，或你的项目已经有完整的样式方案，weave可能不适合你"，但第六步又强烈推荐"先看迁移指南"。**对于被边界声明"劝退"的用户**（如使用CSS-in-JS的项目），这个推荐显得矛盾——既然不适合，为何还要看迁移指南？

**影响评估：**  
- 用户感知到"教程逻辑不自洽"——削弱整体可信度。
- 部分用户可能因"被劝退后又被拉回"而产生反感，认为教程在"欲擒故纵"。

**缓解建议：**  
- 将边界声明与行动号召**按用户类型分流**："如果你的项目符合这些特征，迁移指南可能不适合你——但你可以看'核心概念'文档，了解weave的设计思路，或许对你有启发。"
- 将"迁移指南"定位为"适合大多数React项目的通用方案"，而非"所有用户的必选项"。

---

### 风险 4："双入口"设计的**认知负荷**——用户可能因"需要做选择"而放弃行动

**漏洞描述：**  
方案第六步提供"迁移指南"和"核心概念"两个入口，并推荐"先看迁移指南"。但**"推荐"并未消除"选择"**——用户仍需决定"是否遵从推荐"。对于决策疲劳的用户，任何选择都可能成为行动障碍。

**影响评估：**  
- 用户在"看哪个"上犹豫不决，最终可能"都不看"——流失在最后一步。
- 若用户选择了"核心概念"（因觉得"迁移指南"太难），但内容超出其理解水平，可能放弃学习。

**缓解建议：**  
- **取消双入口，只保留单一行动**——"描述栏有迁移指南链接，它会教你如何替换z-index hack。如果你对原理感兴趣，指南末尾有'核心概念'的链接。"
- 将"核心概念"作为"迁移指南"的**内嵌部分**，而非并列选项——用户无需选择，只需沿着单一路径前进。

---

### 风险 5："行为触发"对**用户动机**的依赖——"体验成功"不等于"产生行动意愿"

**漏洞描述：**  
方案的核心假设是"用户在CodeSandbox中体验成功后，会自然产生'想在自己项目中试试'的动机"。但**体验成功与行动意愿之间没有必然因果**——用户可能觉得"这个Demo很酷，但我的项目太复杂，改起来太麻烦"，从而放弃行动。

**影响评估：**  
- 教程在"行为触发"后未能有效转化为"行动触发"——用户停留在"知道weave不错"的阶段，未进入"尝试使用weave"的阶段。
- 教程的MSC（完成CodeSandbox操作）达成，但**长期目标**（用户开始使用weave）未达成。

**缓解建议：**  
- 在"认知脚手架"步骤中，**增加"迁移成本预估"**："迁移指南会告诉你，替换一个z-index hack大约需要5分钟——你只需要改一行代码。"
- 提供"最小迁移案例"——一个**只需修改一行代码**的真实项目示例，让用户看到"行动成本极低"。

---

### 风险 6："认知脚手架"的**时机选择**——在"操作后"解释原理，可能错过"最佳学习窗口"

**漏洞描述：**  
方案在第三步（操作后）才解释原理（第四步）。但**认知心理学研究表明，人在"行动前"对"行动目的"的理解，会显著影响行动的投入度**。如果用户在第三步操作时不知道"为什么要删`<Layer>`"，可能只是机械执行，而非主动探索——体验的"学习效果"将大打折扣。

**影响评估：**  
- 用户可能完成操作，但未形成"顿悟"——"我删了代码，弹窗错位了，但我不明白这意味着什么"。
- 认知脚手架搭建在"体验之后"，但用户可能已在"体验中"形成了错误的理解（如"weave只是个z-index工具"）。

**缓解建议：**  
- **在操作前提供"最小必要认知"**："`<Layer>`是weave的层级隔离组件——它让弹窗自己知道该显示在哪一层。现在，我们看看没有它会发生什么。"
- 将"认知脚手架"拆分为"操作前的最小理解"和"操作后的完整解释"——前者为行动提供目的，后者为理解提供深度。

---

### 风险 7：方案对**"非目标用户"的排斥**可能损害weave的长期社区生态

**漏洞描述：**  
方案开头直接展示"弹窗错位问题"，并称"你可能也遇到过——或者你迟早会遇到"。对于**从未写过弹窗的React新手**（可能刚学React 3个月），这段内容无法引起共鸣——他们可能关闭视频，且未来遇到弹窗问题时不会想到weave。

**影响评估：**  
- 新手被过早过滤，但新手是**社区增长的重要来源**——他们可能在未来成为布道师。
- 方案在筛选"精准用户"的同时，牺牲了"潜在用户"的培育。

**缓解建议：**  
- 在开头增加一句**"如果你还没写过弹窗，记住这个画面——你迟早会遇到的"**，将"筛选"变为"播种"。
- 在描述栏标注"适合有React经验但受困于样式管理的开发者"，而非在视频中设置隐形的"经验门槛"。

---

### 风险 8：方案对**"版本风险"的告知不足**——"核心模型不会变"的表述可能构成过度承诺

**漏洞描述：**  
方案第五步称"核心的'上下文隔离'模型不会变，这也是你现在学习它的价值"。但**v0.4到v1.0的演进路径尚未公开**——若未来版本改变了核心模型（如转向编译时静态提取），此承诺将损害weave的可信度。

**影响评估：**  
- 用户基于"核心模型不会变"的承诺投入学习，若未来被证伪，将产生"weave官方不可信"的长期声誉损害。
- 该表述虽用"我们目前的设计意图是……"作为前缀，但整体语气仍偏向"确定性承诺"。

**缓解建议：**  
- 将表述改为**"我们目前的设计意图是保持'上下文隔离'模型不变，但v0.4仍处于探索期——如果你希望影响最终方向，欢迎参与RFC讨论"**——将用户从"学习者"转变为"共建者"。
- 在视频描述栏明确标注"v0.4到v1.0可能包含破坏性变更，请关注迁移指南"。

---

## 三、总结：核心风险矩阵

| 风险等级 | 风险描述 | 缓解策略优先级 |
|---------|---------|---------------|
| 🔴 高 | CodeSandbox操作结果的不确定性可能摧毁核心信任机制 | 预录保底演示 + 多环境测试 + 环境检测脚本 |
| 🔴 高 | "CSS Modules类比"可能形成错误心智模型 | 类比后补充差异说明 + 提供反例 |
| 🟠 中 | "边界声明"与"行动号召"的逻辑矛盾 | 按用户类型分流 + 调整措辞 |
| 🟠 中 | "双入口"设计的认知负荷导致行动犹豫 | 取消双入口，改为单一主路径 + 内嵌补充 |
| 🟠 中 | "体验成功"未有效转化为"行动意愿" | 增加迁移成本预估 + 提供最小迁移案例 |
| 🟡 低 | "认知脚手架"时机选择可能错过最佳学习窗口 | 在操作前提供"最小必要认知" |
| 🟡 低 | 对"非目标用户"的排斥损害社区生态 | 开场增加"播种"话术 |
| 🟡 低 | "核心模型不会变"的过度承诺 | 话术调整 + 引导用户参与RFC |

---

## 四、最终建议

本方案的核心创新——"行为触发+认知脚手架"——是值得肯定的方向，它解决了"看完即忘"的教程通病。但方案的**执行脆弱性**不容忽视：核心信任机制（CodeSandbox操作）的确定性假设、认知脚手架类比的准确性、"边界声明"与"行动号召"的逻辑一致性，都是需要在**实际制作中严格验证**的环节。

**建议方案设计者将上述风险缓解策略内化到教程脚本和配套资源中，而非作为"补充说明"存在。** 具体而言：

1. **发布前**：在3种以上环境测试CodeSandbox示例，确保"删除→错位→撤销→恢复"的因果链条稳定；录制预录保底演示；验证"迁移指南"和"核心概念"文档的可用性。
2. **发布时**：在描述栏提供备用体验链接、重置按钮说明、已知限制列表；在视频中口播"如果CodeSandbox打不开，描述栏有备用链接"。
3. **发布后**：监控CodeSandbox操作率，若低于预期，需在视频中增加"事后补做"的提醒；收集用户反馈，持续优化认知脚手架类比的准确性。

**这5分钟教程的终极考验不是"用户是否完成了操作"，也不是"用户是否理解了概念"，而是"用户是否带着'我知道下一步该做什么、且愿意去做'的信心离开"。** 如果"行为触发"未能转化为"行动信心"，那么它只是另一种形式的"演示秀"——只不过这次，用户亲手参与了演出。
